Wed Oct  7 14:02:47 UTC 2026
Docker Compose version v5.5.1
 Image postgres:16-alpine Pulling 
 e2de96513ba9 Pulling fs layer 0B
 509688edf37b Pulling fs layer 0B
 1b7f9cd581ee Pulling fs layer 0B
 210b280f9556 Pulling fs layer 0B
 81717818649a Pulling fs layer 0B
 3ae6141cfd99 Pulling fs layer 0B
 25b77f59fd95 Pulling fs layer 0B
 6c25da34e03f Pulling fs layer 0B
 a88782f92806 Pulling fs layer 0B
 d8d21be4bf02 Pulling fs layer 0B
 6117bd39f23f Pulling fs layer 0B
 6117bd39f23f Download complete 0B
 1b7f9cd581ee Download complete 0B
 210b280f9556 Downloading 901.4kB
 a88782f92806 Downloading 128B
 81717818649a Download complete 0B
 210b280f9556 Download complete 0B
 3ae6141cfd99 Download complete 0B
 25b77f59fd95 Downloading 8.389MB
 6c25da34e03f Downloading 9.669kB
 25b77f59fd95 Downloading 24.12MB
 6c25da34e03f Download complete 0B
 a88782f92806 Download complete 0B
 e2de96513ba9 Downloading 3.85MB
 d8d21be4bf02 Download complete 0B
 25b77f59fd95 Downloading 28.31MB
 e2de96513ba9 Download complete 0B
 509688edf37b Downloading 185B
 e2de96513ba9 Extracting 1B
 509688edf37b Download complete 0B
 25b77f59fd95 Downloading 39.85MB
 e2de96513ba9 Extracting 1B
 25b77f59fd95 Downloading 50.33MB
 021b01ea4cc2 Downloading 598kB
 e2de96513ba9 Extracting 1B
 25b77f59fd95 Downloading 60.82MB
 e6b147246a89 Download complete 0B
 021b01ea4cc2 Download complete 0B
 e2de96513ba9 Extracting 1B
 25b77f59fd95 Downloading 74.76MB
 1b7f9cd581ee Pull complete 0B
 210b280f9556 Extracting 1B
 e2de96513ba9 Pull complete 0B
 25b77f59fd95 Downloading 88.08MB
 81717818649a Pull complete 0B
 210b280f9556 Pull complete 0B
 25b77f59fd95 Downloading 104.9MB
 3ae6141cfd99 Pull complete 0B
 25b77f59fd95 Downloading 111.3MB
 25b77f59fd95 Downloading 111.3MB
 25b77f59fd95 Downloading 111.3MB
 25b77f59fd95 Downloading 111.3MB
 25b77f59fd95 Downloading 111.3MB
 25b77f59fd95 Downloading 111.3MB
 25b77f59fd95 Downloading 111.3MB
 25b77f59fd95 Downloading 111.3MB
 25b77f59fd95 Downloading 111.3MB
 25b77f59fd95 Downloading 111.3MB
 25b77f59fd95 Downloading 111.3MB
 25b77f59fd95 Downloading 111.3MB
 25b77f59fd95 Downloading 111.3MB
 25b77f59fd95 Downloading 111.3MB
 25b77f59fd95 Downloading 111.3MB
 25b77f59fd95 Downloading 111.3MB
 25b77f59fd95 Downloading 111.3MB
 25b77f59fd95 Downloading 111.3MB
 25b77f59fd95 Downloading 111.3MB
 25b77f59fd95 Downloading 111.3MB
 25b77f59fd95 Downloading 111.3MB
 25b77f59fd95 Downloading 111.3MB
 25b77f59fd95 Downloading 111.3MB
 25b77f59fd95 Downloading 111.3MB
 25b77f59fd95 Downloading 111.3MB
 25b77f59fd95 Downloading 111.3MB
 25b77f59fd95 Download complete 0B
 25b77f59fd95 Extracting 1B
 25b77f59fd95 Extracting 1B
 25b77f59fd95 Extracting 1B
 25b77f59fd95 Extracting 1B
 25b77f59fd95 Extracting 1B
 25b77f59fd95 Extracting 1B
 25b77f59fd95 Extracting 1B
 25b77f59fd95 Extracting 1B
 25b77f59fd95 Extracting 1B
 25b77f59fd95 Extracting 1B
 25b77f59fd95 Extracting 1B
 25b77f59fd95 Extracting 2B
 25b77f59fd95 Extracting 2B
 25b77f59fd95 Extracting 2B
 25b77f59fd95 Extracting 2B
 25b77f59fd95 Extracting 2B
 25b77f59fd95 Extracting 2B
 25b77f59fd95 Extracting 2B
 25b77f59fd95 Extracting 2B
 25b77f59fd95 Extracting 2B
 25b77f59fd95 Extracting 2B
 25b77f59fd95 Extracting 3B
 6c25da34e03f Pull complete 0B
 a88782f92806 Pull complete 0B
 d8d21be4bf02 Extracting 1B
 25b77f59fd95 Pull complete 0B
 d8d21be4bf02 Extracting 1B
 d8d21be4bf02 Extracting 1B
 d8d21be4bf02 Extracting 1B
 6117bd39f23f Extracting 1B
 d8d21be4bf02 Pull complete 0B
 6117bd39f23f Pull complete 0B
 509688edf37b Pull complete 0B
 Image postgres:16-alpine Pulled 
 Image aditya-s21-backend Building 
 Image aditya-s21-frontend Building 
#1 [internal] load local bake definitions
#1 reading from stdin 1.14kB done
#1 DONE 0.0s

#2 [frontend internal] load build definition from Dockerfile
#2 transferring dockerfile: 271B done
#2 DONE 0.0s

#3 [backend internal] load build definition from Dockerfile
#3 transferring dockerfile: 416B done
#3 DONE 0.1s

#4 [backend internal] load metadata for docker.io/library/python:3.12-slim
#4 ...

#5 [auth] library/nginx:pull token for registry-1.docker.io
#5 DONE 0.0s

#6 [auth] library/node:pull token for registry-1.docker.io
#6 DONE 0.0s

#7 [auth] library/python:pull token for registry-1.docker.io
#7 DONE 0.0s

#8 [frontend internal] load metadata for docker.io/library/node:22-alpine
#8 DONE 0.8s

#9 [frontend internal] load metadata for docker.io/library/nginx:1.27-alpine
#9 DONE 0.9s

#4 [backend internal] load metadata for docker.io/library/python:3.12-slim
#4 DONE 0.8s

#10 [backend internal] load .dockerignore
#10 transferring context: 95B done
#10 DONE 0.0s

#11 [backend internal] load build context
#11 transferring context: 25.31kB 0.0s done
#11 DONE 0.1s

#12 [frontend internal] load .dockerignore
#12 transferring context: 63B done
#12 DONE 0.1s

#13 [frontend build 1/6] FROM docker.io/library/node:22-alpine@sha256:0a7108bf6c7bf5de370ffb1a3ed6be93d405b43ff159f681a8d18c0e2bc2e402
#13 resolve docker.io/library/node:22-alpine@sha256:0a7108bf6c7bf5de370ffb1a3ed6be93d405b43ff159f681a8d18c0e2bc2e402 0.1s done
#13 DONE 0.1s

#14 [frontend stage-1 1/3] FROM docker.io/library/nginx:1.27-alpine@sha256:65645c7bb6a0661892a8b03b89d0743208a18dd2f3f17a54ef4b76fb8e2f2a10
#14 resolve docker.io/library/nginx:1.27-alpine@sha256:65645c7bb6a0661892a8b03b89d0743208a18dd2f3f17a54ef4b76fb8e2f2a10
#14 ...

#15 [frontend internal] load build context
#15 transferring context: 40.38kB done
#15 DONE 0.1s

#14 [frontend stage-1 1/3] FROM docker.io/library/nginx:1.27-alpine@sha256:65645c7bb6a0661892a8b03b89d0743208a18dd2f3f17a54ef4b76fb8e2f2a10
#14 resolve docker.io/library/nginx:1.27-alpine@sha256:65645c7bb6a0661892a8b03b89d0743208a18dd2f3f17a54ef4b76fb8e2f2a10 0.1s done
#14 ...

#13 [frontend build 1/6] FROM docker.io/library/node:22-alpine@sha256:0a7108bf6c7bf5de370ffb1a3ed6be93d405b43ff159f681a8d18c0e2bc2e402
#13 DONE 0.3s

#16 [backend 1/7] FROM docker.io/library/python:3.12-slim@sha256:05cda9777409a9c3ffddd94a4c476b79f0769a0b4857f0c7ed9226b6800b0d6f
#16 resolve docker.io/library/python:3.12-slim@sha256:05cda9777409a9c3ffddd94a4c476b79f0769a0b4857f0c7ed9226b6800b0d6f 0.1s done
#16 sha256:bbc5a12237474ec0b23b5051260d56d6436a24d70d9cad961adebe7a037ed813 249B / 249B 0.1s done
#16 sha256:6912e23eb44595b44dc6d9882b34f305ad6f6e9667cec70b13e5dbc4f8cd97f4 3.07MB / 12.12MB 0.2s
#16 sha256:75b6a36c64a1cf3520fc4b4aae4739d5caa8a6a05c27835a920a61784c9c32f8 0B / 1.29MB 0.2s
#16 sha256:ecc510c1e359bdc007b39802570bb7e4dec7d6ebccf357c3201a74299113e05e 0B / 29.84MB 0.2s
#16 sha256:6912e23eb44595b44dc6d9882b34f305ad6f6e9667cec70b13e5dbc4f8cd97f4 12.12MB / 12.12MB 0.3s
#16 sha256:75b6a36c64a1cf3520fc4b4aae4739d5caa8a6a05c27835a920a61784c9c32f8 1.29MB / 1.29MB 0.3s
#16 sha256:ecc510c1e359bdc007b39802570bb7e4dec7d6ebccf357c3201a74299113e05e 10.75MB / 29.84MB 0.3s
#16 sha256:ecc510c1e359bdc007b39802570bb7e4dec7d6ebccf357c3201a74299113e05e 29.36MB / 29.84MB 0.5s
#16 ...

#14 [frontend stage-1 1/3] FROM docker.io/library/nginx:1.27-alpine@sha256:65645c7bb6a0661892a8b03b89d0743208a18dd2f3f17a54ef4b76fb8e2f2a10
#14 DONE 1.5s

#16 [backend 1/7] FROM docker.io/library/python:3.12-slim@sha256:05cda9777409a9c3ffddd94a4c476b79f0769a0b4857f0c7ed9226b6800b0d6f
#16 sha256:6912e23eb44595b44dc6d9882b34f305ad6f6e9667cec70b13e5dbc4f8cd97f4 12.12MB / 12.12MB 1.2s done
#16 sha256:75b6a36c64a1cf3520fc4b4aae4739d5caa8a6a05c27835a920a61784c9c32f8 1.29MB / 1.29MB 1.2s done
#16 sha256:ecc510c1e359bdc007b39802570bb7e4dec7d6ebccf357c3201a74299113e05e 29.84MB / 29.84MB 1.2s done
#16 extracting sha256:ecc510c1e359bdc007b39802570bb7e4dec7d6ebccf357c3201a74299113e05e
#16 ...

#14 [frontend stage-1 1/3] FROM docker.io/library/nginx:1.27-alpine@sha256:65645c7bb6a0661892a8b03b89d0743208a18dd2f3f17a54ef4b76fb8e2f2a10
#14 sha256:34a64644b756511a2e217f0508e11d1a572085d66cd6dc9a555a082ad49a3102 1.40kB / 1.40kB 0.1s done
#14 sha256:39c2ddfd6010082a4a646e7ca44e95aca9bf3eaebc00f17f7ccc2954004f2a7d 15.52MB / 15.52MB 3.3s
#14 sha256:197eb75867ef4fcecd4724f17b0972ab0489436860a594a9445f8eaff8155053 1.21kB / 1.21kB 0.2s done
#14 sha256:d7e5070240863957ebb0b5a44a5729963c3462666baa2947d00628cb5f2d5773 955B / 955B 0.1s done
#14 sha256:81bd8ed7ec6789b0cb7f1b47ee731c522f6dba83201ec73cd6bca1350f582948 402B / 402B 0.1s done
#14 sha256:b464cfdf2a6319875aeb27359ec549790ce14d8214fcb16ef915e4530e5ed235 629B / 629B 0.1s done
#14 sha256:61ca4f733c802afd9e05a32f0de0361b6d713b8b53292dc15fb093229f648674 1.79MB / 1.79MB 3.0s
#14 sha256:f18232174bc91741fdf3da96d85011092101a032a93a388b79e99e69c2d5c870 3.64MB / 3.64MB 3.0s
#14 sha256:39c2ddfd6010082a4a646e7ca44e95aca9bf3eaebc00f17f7ccc2954004f2a7d 15.52MB / 15.52MB 7.0s done
#14 sha256:61ca4f733c802afd9e05a32f0de0361b6d713b8b53292dc15fb093229f648674 1.79MB / 1.79MB 6.7s done
#14 sha256:f18232174bc91741fdf3da96d85011092101a032a93a388b79e99e69c2d5c870 3.64MB / 3.64MB 6.7s done
#14 extracting sha256:f18232174bc91741fdf3da96d85011092101a032a93a388b79e99e69c2d5c870
#14 ...

#16 [backend 1/7] FROM docker.io/library/python:3.12-slim@sha256:05cda9777409a9c3ffddd94a4c476b79f0769a0b4857f0c7ed9226b6800b0d6f
#16 extracting sha256:ecc510c1e359bdc007b39802570bb7e4dec7d6ebccf357c3201a74299113e05e 7.2s done
#16 extracting sha256:75b6a36c64a1cf3520fc4b4aae4739d5caa8a6a05c27835a920a61784c9c32f8 0.2s done
#16 DONE 8.9s

#13 [frontend build 1/6] FROM docker.io/library/node:22-alpine@sha256:0a7108bf6c7bf5de370ffb1a3ed6be93d405b43ff159f681a8d18c0e2bc2e402
#13 sha256:d39db1cf9caa4f49c5a2e67111fbe6e0d5eea8ede550cb82f3dc2b79712688d6 447B / 447B 1.1s done
#13 sha256:e554276b05e6306c5ad33cd85bfa7f0693083e21f6114db5abf60a20fb413039 1.26MB / 1.26MB 0.1s done
#13 sha256:f7f2d304681aaa935c9cfd180850cf616ae843efce7682873d6521ded7268937 55.59MB / 55.59MB 7.2s done
#13 extracting sha256:f7f2d304681aaa935c9cfd180850cf616ae843efce7682873d6521ded7268937
#13 ...

#16 [backend 1/7] FROM docker.io/library/python:3.12-slim@sha256:05cda9777409a9c3ffddd94a4c476b79f0769a0b4857f0c7ed9226b6800b0d6f
#16 extracting sha256:6912e23eb44595b44dc6d9882b34f305ad6f6e9667cec70b13e5dbc4f8cd97f4
#16 ...

#14 [frontend stage-1 1/3] FROM docker.io/library/nginx:1.27-alpine@sha256:65645c7bb6a0661892a8b03b89d0743208a18dd2f3f17a54ef4b76fb8e2f2a10
#14 extracting sha256:f18232174bc91741fdf3da96d85011092101a032a93a388b79e99e69c2d5c870 0.3s done
#14 DONE 8.9s

#14 [frontend stage-1 1/3] FROM docker.io/library/nginx:1.27-alpine@sha256:65645c7bb6a0661892a8b03b89d0743208a18dd2f3f17a54ef4b76fb8e2f2a10
#14 extracting sha256:61ca4f733c802afd9e05a32f0de0361b6d713b8b53292dc15fb093229f648674
#14 extracting sha256:61ca4f733c802afd9e05a32f0de0361b6d713b8b53292dc15fb093229f648674 0.3s done
#14 DONE 9.2s

#16 [backend 1/7] FROM docker.io/library/python:3.12-slim@sha256:05cda9777409a9c3ffddd94a4c476b79f0769a0b4857f0c7ed9226b6800b0d6f
#16 ...

#14 [frontend stage-1 1/3] FROM docker.io/library/nginx:1.27-alpine@sha256:65645c7bb6a0661892a8b03b89d0743208a18dd2f3f17a54ef4b76fb8e2f2a10
#14 extracting sha256:b464cfdf2a6319875aeb27359ec549790ce14d8214fcb16ef915e4530e5ed235 0.0s done
#14 extracting sha256:d7e5070240863957ebb0b5a44a5729963c3462666baa2947d00628cb5f2d5773 0.0s done
#14 extracting sha256:81bd8ed7ec6789b0cb7f1b47ee731c522f6dba83201ec73cd6bca1350f582948 0.0s done
#14 extracting sha256:197eb75867ef4fcecd4724f17b0972ab0489436860a594a9445f8eaff8155053 0.0s done
#14 DONE 9.3s

#14 [frontend stage-1 1/3] FROM docker.io/library/nginx:1.27-alpine@sha256:65645c7bb6a0661892a8b03b89d0743208a18dd2f3f17a54ef4b76fb8e2f2a10
#14 extracting sha256:34a64644b756511a2e217f0508e11d1a572085d66cd6dc9a555a082ad49a3102 0.0s done
#14 extracting sha256:39c2ddfd6010082a4a646e7ca44e95aca9bf3eaebc00f17f7ccc2954004f2a7d
#14 ...

#16 [backend 1/7] FROM docker.io/library/python:3.12-slim@sha256:05cda9777409a9c3ffddd94a4c476b79f0769a0b4857f0c7ed9226b6800b0d6f
#16 extracting sha256:6912e23eb44595b44dc6d9882b34f305ad6f6e9667cec70b13e5dbc4f8cd97f4 1.4s done
#16 DONE 10.3s

#16 [backend 1/7] FROM docker.io/library/python:3.12-slim@sha256:05cda9777409a9c3ffddd94a4c476b79f0769a0b4857f0c7ed9226b6800b0d6f
#16 extracting sha256:bbc5a12237474ec0b23b5051260d56d6436a24d70d9cad961adebe7a037ed813 0.0s done
#16 DONE 10.3s

#17 [backend 2/7] WORKDIR /app
#17 ...

#14 [frontend stage-1 1/3] FROM docker.io/library/nginx:1.27-alpine@sha256:65645c7bb6a0661892a8b03b89d0743208a18dd2f3f17a54ef4b76fb8e2f2a10
#14 extracting sha256:39c2ddfd6010082a4a646e7ca44e95aca9bf3eaebc00f17f7ccc2954004f2a7d 8.3s done
#14 DONE 17.6s

#17 [backend 2/7] WORKDIR /app
#17 DONE 7.5s

#13 [frontend build 1/6] FROM docker.io/library/node:22-alpine@sha256:0a7108bf6c7bf5de370ffb1a3ed6be93d405b43ff159f681a8d18c0e2bc2e402
#13 ...

#18 [backend 3/7] COPY requirements.txt .
#18 DONE 0.1s

#13 [frontend build 1/6] FROM docker.io/library/node:22-alpine@sha256:0a7108bf6c7bf5de370ffb1a3ed6be93d405b43ff159f681a8d18c0e2bc2e402
#13 extracting sha256:f7f2d304681aaa935c9cfd180850cf616ae843efce7682873d6521ded7268937 9.1s done
#13 extracting sha256:e554276b05e6306c5ad33cd85bfa7f0693083e21f6114db5abf60a20fb413039
#13 extracting sha256:e554276b05e6306c5ad33cd85bfa7f0693083e21f6114db5abf60a20fb413039 0.1s done
#13 extracting sha256:d39db1cf9caa4f49c5a2e67111fbe6e0d5eea8ede550cb82f3dc2b79712688d6 0.0s done
#13 DONE 17.9s

#19 [frontend build 2/6] WORKDIR /app
#19 DONE 0.1s

#20 [backend 4/7] RUN pip install --no-cache-dir -r requirements.txt && useradd --create-home --uid 10001 appuser
#20 ...

#21 [frontend build 3/6] COPY package*.json ./
#21 DONE 0.1s

#22 [frontend build 4/6] RUN npm ci
#22 3.491 
#22 3.491 added 21 packages, and audited 22 packages in 3s
#22 3.491 
#22 3.493 9 packages are looking for funding
#22 3.493   run `npm fund` for details
#22 3.493 
#22 3.493 found 0 vulnerabilities
#22 3.495 npm notice
#22 3.495 npm notice New major version of npm available! 10.9.9 -> 12.2.0
#22 3.495 npm notice Changelog: https://github.com/npm/cli/releases/tag/v12.2.0
#22 3.495 npm notice To update run: npm install -g npm@12.2.0
#22 3.495 npm notice
#22 ...

#20 [backend 4/7] RUN pip install --no-cache-dir -r requirements.txt && useradd --create-home --uid 10001 appuser
#20 2.748 Collecting fastapi==0.115.6 (from -r requirements.txt (line 1))
#20 2.786   Downloading fastapi-0.115.6-py3-none-any.whl.metadata (27 kB)
#20 2.856 Collecting uvicorn==0.34.0 (from uvicorn[standard]==0.34.0->-r requirements.txt (line 2))
#20 2.862   Downloading uvicorn-0.34.0-py3-none-any.whl.metadata (6.5 kB)
#20 3.548 Collecting sqlalchemy==2.0.36 (from -r requirements.txt (line 3))
#20 3.558   Downloading SQLAlchemy-2.0.36-cp312-cp312-manylinux_2_17_x86_64.manylinux2014_x86_64.whl.metadata (9.7 kB)
#20 3.605 Collecting psycopg==3.2.3 (from psycopg[binary]==3.2.3->-r requirements.txt (line 4))
#20 3.610   Downloading psycopg-3.2.3-py3-none-any.whl.metadata (4.3 kB)
#20 3.638 Collecting pydantic-settings==2.7.1 (from -r requirements.txt (line 5))
#20 3.642   Downloading pydantic_settings-2.7.1-py3-none-any.whl.metadata (3.5 kB)
#20 3.664 Collecting prometheus-fastapi-instrumentator==7.0.2 (from -r requirements.txt (line 6))
#20 3.671   Downloading prometheus_fastapi_instrumentator-7.0.2-py3-none-any.whl.metadata (13 kB)
#20 3.715 Collecting alembic==1.14.0 (from -r requirements.txt (line 7))
#20 3.727   Downloading alembic-1.14.0-py3-none-any.whl.metadata (7.4 kB)
#20 3.799 Collecting pytest==8.3.4 (from -r requirements.txt (line 8))
#20 3.804   Downloading pytest-8.3.4-py3-none-any.whl.metadata (7.5 kB)
#20 3.830 Collecting httpx==0.28.1 (from -r requirements.txt (line 9))
#20 3.834   Downloading httpx-0.28.1-py3-none-any.whl.metadata (7.1 kB)
#20 3.890 Collecting starlette<0.42.0,>=0.40.0 (from fastapi==0.115.6->-r requirements.txt (line 1))
#20 3.896   Downloading starlette-0.41.3-py3-none-any.whl.metadata (6.0 kB)
#20 4.229 Collecting pydantic!=1.8,!=1.8.1,!=2.0.0,!=2.0.1,!=2.1.0,<3.0.0,>=1.7.4 (from fastapi==0.115.6->-r requirements.txt (line 1))
#20 4.234   Downloading pydantic-2.13.5-py3-none-any.whl.metadata (110 kB)
#20 4.268 Collecting typing-extensions>=4.8.0 (from fastapi==0.115.6->-r requirements.txt (line 1))
#20 4.270   Downloading typing_extensions-4.16.0-py3-none-any.whl.metadata (3.3 kB)
#20 4.299 Collecting click>=7.0 (from uvicorn==0.34.0->uvicorn[standard]==0.34.0->-r requirements.txt (line 2))
#20 4.303   Downloading click-8.5.0-py3-none-any.whl.metadata (2.6 kB)
#20 4.315 Collecting h11>=0.8 (from uvicorn==0.34.0->uvicorn[standard]==0.34.0->-r requirements.txt (line 2))
#20 4.319   Downloading h11-0.16.0-py3-none-any.whl.metadata (8.3 kB)
#20 4.591 Collecting greenlet!=0.4.17 (from sqlalchemy==2.0.36->-r requirements.txt (line 3))
#20 5.663   Downloading greenlet-3.5.6-cp312-cp312-manylinux_2_24_x86_64.manylinux_2_28_x86_64.whl.metadata (3.8 kB)
#20 5.779 Collecting python-dotenv>=0.21.0 (from pydantic-settings==2.7.1->-r requirements.txt (line 5))
#20 5.784   Downloading python_dotenv-1.2.4-py3-none-any.whl.metadata (29 kB)
#20 5.810 Collecting prometheus-client<1.0.0,>=0.8.0 (from prometheus-fastapi-instrumentator==7.0.2->-r requirements.txt (line 6))
#20 5.816   Downloading prometheus_client-0.26.0-py3-none-any.whl.metadata (2.1 kB)
#20 5.889 Collecting Mako (from alembic==1.14.0->-r requirements.txt (line 7))
#20 ...

#22 [frontend build 4/6] RUN npm ci
#22 DONE 5.8s

#20 [backend 4/7] RUN pip install --no-cache-dir -r requirements.txt && useradd --create-home --uid 10001 appuser
#20 5.895   Downloading mako-1.4.3-py3-none-any.whl.metadata (2.9 kB)
#20 5.915 Collecting iniconfig (from pytest==8.3.4->-r requirements.txt (line 8))
#20 5.920   Downloading iniconfig-2.3.1-py3-none-any.whl.metadata (2.8 kB)
#20 5.942 Collecting packaging (from pytest==8.3.4->-r requirements.txt (line 8))
#20 5.947   Downloading packaging-26.3-py3-none-any.whl.metadata (3.5 kB)
#20 5.966 Collecting pluggy<2,>=1.5 (from pytest==8.3.4->-r requirements.txt (line 8))
#20 5.981   Downloading pluggy-1.6.0-py3-none-any.whl.metadata (4.8 kB)
#20 ...

#23 [frontend build 5/6] COPY . .
#23 DONE 0.1s

#20 [backend 4/7] RUN pip install --no-cache-dir -r requirements.txt && useradd --create-home --uid 10001 appuser
#20 6.034 Collecting anyio (from httpx==0.28.1->-r requirements.txt (line 9))
#20 6.039   Downloading anyio-4.15.1-py3-none-any.whl.metadata (4.7 kB)
#20 6.068 Collecting certifi (from httpx==0.28.1->-r requirements.txt (line 9))
#20 6.072   Downloading certifi-2026.7.22-py3-none-any.whl.metadata (2.5 kB)
#20 6.099 Collecting httpcore==1.* (from httpx==0.28.1->-r requirements.txt (line 9))
#20 6.105   Downloading httpcore-1.0.9-py3-none-any.whl.metadata (21 kB)
#20 6.131 Collecting idna (from httpx==0.28.1->-r requirements.txt (line 9))
#20 6.136   Downloading idna-3.20-py3-none-any.whl.metadata (7.2 kB)
#20 6.451 Collecting psycopg-binary==3.2.3 (from psycopg[binary]==3.2.3->-r requirements.txt (line 4))
#20 6.456   Downloading psycopg_binary-3.2.3-cp312-cp312-manylinux_2_17_x86_64.manylinux2014_x86_64.whl.metadata (2.8 kB)
#20 6.506 Collecting httptools>=0.6.3 (from uvicorn[standard]==0.34.0->-r requirements.txt (line 2))
#20 6.511   Downloading httptools-0.8.0-cp312-cp312-manylinux1_x86_64.manylinux_2_28_x86_64.manylinux_2_5_x86_64.whl.metadata (3.5 kB)
#20 6.574 Collecting pyyaml>=5.1 (from uvicorn[standard]==0.34.0->-r requirements.txt (line 2))
#20 6.581   Downloading pyyaml-6.0.3-cp312-cp312-manylinux2014_x86_64.manylinux_2_17_x86_64.manylinux_2_28_x86_64.whl.metadata (2.4 kB)
#20 6.644 Collecting uvloop!=0.15.0,!=0.15.1,>=0.14.0 (from uvicorn[standard]==0.34.0->-r requirements.txt (line 2))
#20 6.651   Downloading uvloop-0.23.0-cp312-cp312-manylinux2014_x86_64.manylinux_2_17_x86_64.manylinux_2_28_x86_64.whl.metadata (5.1 kB)
#20 6.834 Collecting watchfiles>=0.13 (from uvicorn[standard]==0.34.0->-r requirements.txt (line 2))
#20 6.840   Downloading watchfiles-1.3.0-cp310-abi3-manylinux_2_17_x86_64.manylinux2014_x86_64.whl.metadata (4.9 kB)
#20 7.126 Collecting websockets>=10.4 (from uvicorn[standard]==0.34.0->-r requirements.txt (line 2))
#20 7.132   Downloading websockets-17.2-cp312-cp312-manylinux1_x86_64.manylinux_2_28_x86_64.manylinux_2_5_x86_64.whl.metadata (6.3 kB)
#20 7.159 Collecting annotated-types>=0.6.0 (from pydantic!=1.8,!=1.8.1,!=2.0.0,!=2.0.1,!=2.1.0,<3.0.0,>=1.7.4->fastapi==0.115.6->-r requirements.txt (line 1))
#20 7.164   Downloading annotated_types-0.8.0-py3-none-any.whl.metadata (15 kB)
#20 ...

#24 [frontend build 6/6] RUN npm run build
#24 0.504 
#24 0.504 > taskboard-frontend@1.0.0 build
#24 0.504 > vite build
#24 0.504 
#24 1.168 vite v8.3.3 building client environment for production...
#24 1.216 transforming...
#24 1.384 ✓ 15 modules transformed.
#24 1.465 rendering chunks...
#24 1.598 computing gzip size...
#24 1.605 dist/index.html                   0.34 kB │ gzip:  0.25 kB
#24 1.605 dist/assets/index-DkMuKOF6.css    6.40 kB │ gzip:  2.04 kB
#24 1.605 dist/assets/index-D65SfUwa.js   227.29 kB │ gzip: 70.88 kB
#24 1.605 
#24 1.606 ✓ built in 434ms
#24 DONE 1.7s

#25 [frontend stage-1 2/3] COPY --from=build /app/dist /usr/share/nginx/html
#25 DONE 0.1s

#20 [backend 4/7] RUN pip install --no-cache-dir -r requirements.txt && useradd --create-home --uid 10001 appuser
#20 ...

#26 [frontend stage-1 3/3] COPY nginx.conf /etc/nginx/conf.d/default.conf
#26 DONE 0.1s

#27 [frontend] exporting to image
#27 exporting layers
#27 exporting layers 0.3s done
#27 exporting manifest sha256:7d4ee93228d1067672ddc61e0140cd5301bfe1187a48a39cddddc320ae5a4f89 0.0s done
#27 exporting config sha256:8dbee0fd680207f62404f8d8ca644a16b2f0ddc4312f2266a8b864393fd5a8c1 0.0s done
#27 exporting attestation manifest sha256:53886633fe2efc80cc0fbbb6aeabc29dc9ea1f94de61bba6a9b01776968f7737 0.1s done
#27 exporting manifest list sha256:efe341f450664b49ec26f403d5fe1287946e00ec83dbec911e5c1cf2adf857c6 0.1s done
#27 naming to docker.io/library/aditya-s21-frontend:latest done
#27 unpacking to docker.io/library/aditya-s21-frontend:latest 0.1s done
#27 DONE 0.7s

#20 [backend 4/7] RUN pip install --no-cache-dir -r requirements.txt && useradd --create-home --uid 10001 appuser
#20 8.974 Collecting pydantic-core==2.46.5 (from pydantic!=1.8,!=1.8.1,!=2.0.0,!=2.0.1,!=2.1.0,<3.0.0,>=1.7.4->fastapi==0.115.6->-r requirements.txt (line 1))
#20 8.980   Downloading pydantic_core-2.46.5-cp312-cp312-manylinux_2_17_x86_64.manylinux2014_x86_64.whl.metadata (6.6 kB)
#20 9.001 Collecting typing-inspection>=0.4.2 (from pydantic!=1.8,!=1.8.1,!=2.0.0,!=2.0.1,!=2.1.0,<3.0.0,>=1.7.4->fastapi==0.115.6->-r requirements.txt (line 1))
#20 9.007   Downloading typing_inspection-0.4.4-py3-none-any.whl.metadata (2.6 kB)
#20 ...

#28 [frontend] resolving provenance for metadata file
#28 DONE 0.0s

#20 [backend 4/7] RUN pip install --no-cache-dir -r requirements.txt && useradd --create-home --uid 10001 appuser
#20 9.234 Collecting MarkupSafe>=2.0 (from Mako->alembic==1.14.0->-r requirements.txt (line 7))
#20 9.239   Downloading markupsafe-3.0.4-cp312-cp312-manylinux2014_x86_64.manylinux_2_17_x86_64.manylinux_2_28_x86_64.whl.metadata (2.7 kB)
#20 9.270 Downloading fastapi-0.115.6-py3-none-any.whl (94 kB)
#20 9.274 Downloading uvicorn-0.34.0-py3-none-any.whl (62 kB)
#20 9.277 Downloading SQLAlchemy-2.0.36-cp312-cp312-manylinux_2_17_x86_64.manylinux2014_x86_64.whl (3.2 MB)
#20 9.304    ━━━━━━━━━━━━━━━━━━━━━━━━━━━━━━━━━━━━━━━━ 3.2/3.2 MB 255.1 MB/s eta 0:00:00
#20 9.307 Downloading psycopg-3.2.3-py3-none-any.whl (197 kB)
#20 9.317 Downloading pydantic_settings-2.7.1-py3-none-any.whl (29 kB)
#20 9.322 Downloading prometheus_fastapi_instrumentator-7.0.2-py3-none-any.whl (18 kB)
#20 9.327 Downloading alembic-1.14.0-py3-none-any.whl (233 kB)
#20 9.332 Downloading pytest-8.3.4-py3-none-any.whl (343 kB)
#20 9.337 Downloading httpx-0.28.1-py3-none-any.whl (73 kB)
#20 9.342 Downloading httpcore-1.0.9-py3-none-any.whl (78 kB)
#20 9.348 Downloading psycopg_binary-3.2.3-cp312-cp312-manylinux_2_17_x86_64.manylinux2014_x86_64.whl (4.2 MB)
#20 9.431    ━━━━━━━━━━━━━━━━━━━━━━━━━━━━━━━━━━━━━━━━ 4.2/4.2 MB 48.9 MB/s eta 0:00:00
#20 9.437 Downloading click-8.5.0-py3-none-any.whl (125 kB)
#20 9.441 Downloading greenlet-3.5.6-cp312-cp312-manylinux_2_24_x86_64.manylinux_2_28_x86_64.whl (621 kB)
#20 9.445    ━━━━━━━━━━━━━━━━━━━━━━━━━━━━━━━━━━━━━━━ 621.4/621.4 kB 554.9 MB/s eta 0:00:00
#20 9.449 Downloading h11-0.16.0-py3-none-any.whl (37 kB)
#20 9.453 Downloading httptools-0.8.0-cp312-cp312-manylinux1_x86_64.manylinux_2_28_x86_64.manylinux_2_5_x86_64.whl (523 kB)
#20 9.458 Downloading pluggy-1.6.0-py3-none-any.whl (20 kB)
#20 9.462 Downloading prometheus_client-0.26.0-py3-none-any.whl (64 kB)
#20 9.466 Downloading pydantic-2.13.5-py3-none-any.whl (472 kB)
#20 9.471 Downloading pydantic_core-2.46.5-cp312-cp312-manylinux_2_17_x86_64.manylinux2014_x86_64.whl (2.1 MB)
#20 9.478    ━━━━━━━━━━━━━━━━━━━━━━━━━━━━━━━━━━━━━━━━ 2.1/2.1 MB 476.3 MB/s eta 0:00:00
#20 9.483 Downloading python_dotenv-1.2.4-py3-none-any.whl (23 kB)
#20 9.487 Downloading pyyaml-6.0.3-cp312-cp312-manylinux2014_x86_64.manylinux_2_17_x86_64.manylinux_2_28_x86_64.whl (807 kB)
#20 9.491    ━━━━━━━━━━━━━━━━━━━━━━━━━━━━━━━━━━━━━━━ 807.9/807.9 kB 574.6 MB/s eta 0:00:00
#20 9.496 Downloading starlette-0.41.3-py3-none-any.whl (73 kB)
#20 9.500 Downloading anyio-4.15.1-py3-none-any.whl (132 kB)
#20 9.504 Downloading idna-3.20-py3-none-any.whl (69 kB)
#20 9.507 Downloading typing_extensions-4.16.0-py3-none-any.whl (45 kB)
#20 9.512 Downloading uvloop-0.23.0-cp312-cp312-manylinux2014_x86_64.manylinux_2_17_x86_64.manylinux_2_28_x86_64.whl (4.5 MB)
#20 9.526    ━━━━━━━━━━━━━━━━━━━━━━━━━━━━━━━━━━━━━━━━ 4.5/4.5 MB 439.6 MB/s eta 0:00:00
#20 9.531 Downloading watchfiles-1.3.0-cp310-abi3-manylinux_2_17_x86_64.manylinux2014_x86_64.whl (458 kB)
#20 9.536 Downloading websockets-17.2-cp312-cp312-manylinux1_x86_64.manylinux_2_28_x86_64.manylinux_2_5_x86_64.whl (225 kB)
#20 9.540 Downloading certifi-2026.7.22-py3-none-any.whl (136 kB)
#20 9.544 Downloading iniconfig-2.3.1-py3-none-any.whl (7.6 kB)
#20 9.548 Downloading mako-1.4.3-py3-none-any.whl (80 kB)
#20 9.552 Downloading packaging-26.3-py3-none-any.whl (129 kB)
#20 9.557 Downloading annotated_types-0.8.0-py3-none-any.whl (13 kB)
#20 9.561 Downloading markupsafe-3.0.4-cp312-cp312-manylinux2014_x86_64.manylinux_2_17_x86_64.manylinux_2_28_x86_64.whl (22 kB)
#20 9.564 Downloading typing_inspection-0.4.4-py3-none-any.whl (14 kB)
#20 9.688 Installing collected packages: websockets, uvloop, typing-extensions, pyyaml, python-dotenv, psycopg-binary, prometheus-client, pluggy, packaging, MarkupSafe, iniconfig, idna, httptools, h11, greenlet, click, certifi, annotated-types, uvicorn, typing-inspection, sqlalchemy, pytest, pydantic-core, psycopg, Mako, httpcore, anyio, watchfiles, starlette, pydantic, httpx, alembic, pydantic-settings, prometheus-fastapi-instrumentator, fastapi
#20 15.33 WARNING: Running pip as the 'root' user can result in broken permissions and conflicting behaviour with the system package manager, possibly rendering your system unusable. It is recommended to use a virtual environment instead: https://pip.pypa.io/warnings/venv. Use the --root-user-action option if you know what you are doing and want to suppress this warning.
#20 15.33 Successfully installed Mako-1.4.3 MarkupSafe-3.0.4 alembic-1.14.0 annotated-types-0.8.0 anyio-4.15.1 certifi-2026.7.22 click-8.5.0 fastapi-0.115.6 greenlet-3.5.6 h11-0.16.0 httpcore-1.0.9 httptools-0.8.0 httpx-0.28.1 idna-3.20 iniconfig-2.3.1 packaging-26.3 pluggy-1.6.0 prometheus-client-0.26.0 prometheus-fastapi-instrumentator-7.0.2 psycopg-3.2.3 psycopg-binary-3.2.3 pydantic-2.13.5 pydantic-core-2.46.5 pydantic-settings-2.7.1 pytest-8.3.4 python-dotenv-1.2.4 pyyaml-6.0.3 sqlalchemy-2.0.36 starlette-0.41.3 typing-extensions-4.16.0 typing-inspection-0.4.4 uvicorn-0.34.0 uvloop-0.23.0 watchfiles-1.3.0 websockets-17.2
#20 15.50 
#20 15.50 [notice] A new release of pip is available: 25.0.1 -> 26.2.1
#20 15.50 [notice] To update, run: pip install --upgrade pip
#20 DONE 17.2s

#29 [backend 5/7] COPY alembic.ini ./
#29 DONE 0.1s

#30 [backend 6/7] COPY alembic ./alembic
#30 DONE 0.0s

#31 [backend 7/7] COPY app ./app
#31 DONE 0.1s

#32 [backend] exporting to image
#32 exporting layers
#32 exporting layers 2.2s done
#32 exporting manifest sha256:d5a5b6ef1c25856cd91c26f7a987db5a4d1e59133331a1f9b738c29cb0ba055c 0.0s done
#32 exporting config sha256:06ee6147af7eb9db7e8dbaf02906c410d720fd154528e6f6c5679550c75e0d35 0.0s done
#32 exporting attestation manifest sha256:108e1cf0f43368a174e63e3bfc5f67b40f600f0a7ab922b551c7327f7fb6a7d8 0.0s done
#32 exporting manifest list sha256:701ad1710756180e24b1a5bd19f4a28412e60b05968af5e1213e390ebba9d18f 0.0s done
#32 naming to docker.io/library/aditya-s21-backend:latest done
#32 unpacking to docker.io/library/aditya-s21-backend:latest
#32 unpacking to docker.io/library/aditya-s21-backend:latest 1.0s done
#32 DONE 3.4s

#33 [backend] resolving provenance for metadata file
#33 DONE 0.0s
 Image aditya-s21-backend Built 
 Image aditya-s21-frontend Built 
 Network aditya-s21_default Creating 
 Network aditya-s21_default Creating 
 Volume aditya-s21_postgres-data Creating 
 Volume aditya-s21_postgres-data Creating 
 Volume aditya-s21_postgres-data Created 
 Volume aditya-s21_postgres-data Created 
 Network aditya-s21_default Created 
 Network aditya-s21_default Created 
 Container aditya-s21-postgres-1 Creating 
 Container aditya-s21-postgres-1 Created 
 Container aditya-s21-backend-1 Creating 
 Container aditya-s21-backend-1 Created 
 Container aditya-s21-frontend-1 Creating 
 Container aditya-s21-frontend-1 Created 
 Container aditya-s21-postgres-1 Starting 
 Container aditya-s21-postgres-1 Started 
 Container aditya-s21-postgres-1 Waiting 
 Container aditya-s21-postgres-1 Healthy 
 Container aditya-s21-backend-1 Starting 
 Container aditya-s21-backend-1 Started 
 Container aditya-s21-frontend-1 Starting 
 Container aditya-s21-frontend-1 Started 
curl: (56) Recv failure: Connection reset by peer
curl: (56) Recv failure: Connection reset by peer
curl: (56) Recv failure: Connection reset by peer
curl: (56) Recv failure: Connection reset by peer
curl: (56) Recv failure: Connection reset by peer
curl: (56) Recv failure: Connection reset by peer
curl: (56) Recv failure: Connection reset by peer
curl: (56) Recv failure: Connection reset by peer
curl: (56) Recv failure: Connection reset by peer
curl: (56) Recv failure: Connection reset by peer
curl: (56) Recv failure: Connection reset by peer
curl: (56) Recv failure: Connection reset by peer
curl: (56) Recv failure: Connection reset by peer
curl: (56) Recv failure: Connection reset by peer
curl: (56) Recv failure: Connection reset by peer
curl: (56) Recv failure: Connection reset by peer
curl: (56) Recv failure: Connection reset by peer
curl: (56) Recv failure: Connection reset by peer
curl: (52) Empty reply from server
curl: (56) Recv failure: Connection reset by peer
curl: (56) Recv failure: Connection reset by peer
curl: (56) Recv failure: Connection reset by peer
curl: (56) Recv failure: Connection reset by peer
curl: (56) Recv failure: Connection reset by peer
curl: (56) Recv failure: Connection reset by peer
curl: (56) Recv failure: Connection reset by peer
curl: (56) Recv failure: Connection reset by peer
curl: (56) Recv failure: Connection reset by peer
curl: (56) Recv failure: Connection reset by peer
curl: (56) Recv failure: Connection reset by peer
curl: (56) Recv failure: Connection reset by peer
curl: (56) Recv failure: Connection reset by peer
curl: (56) Recv failure: Connection reset by peer
curl: (56) Recv failure: Connection reset by peer
curl: (56) Recv failure: Connection reset by peer
curl: (56) Recv failure: Connection reset by peer
curl: (56) Recv failure: Connection reset by peer
curl: (56) Recv failure: Connection reset by peer
curl: (56) Recv failure: Connection reset by peer
curl: (56) Recv failure: Connection reset by peer
curl: (56) Recv failure: Connection reset by peer
curl: (56) Recv failure: Connection reset by peer
curl: (56) Recv failure: Connection reset by peer
curl: (56) Recv failure: Connection reset by peer
curl: (56) Recv failure: Connection reset by peer
curl: (56) Recv failure: Connection reset by peer
curl: (56) Recv failure: Connection reset by peer
curl: (56) Recv failure: Connection reset by peer
curl: (56) Recv failure: Connection reset by peer
curl: (56) Recv failure: Connection reset by peer
curl: (56) Recv failure: Connection reset by peer
curl: (56) Recv failure: Connection reset by peer
curl: (56) Recv failure: Connection reset by peer
curl: (56) Recv failure: Connection reset by peer
curl: (56) Recv failure: Connection reset by peer
curl: (56) Recv failure: Connection reset by peer
curl: (56) Recv failure: Connection reset by peer
curl: (56) Recv failure: Connection reset by peer
curl: (56) Recv failure: Connection reset by peer
curl: (56) Recv failure: Connection reset by peer
curl: (56) Recv failure: Connection reset by peer
curl: (56) Recv failure: Connection reset by peer
curl: (56) Recv failure: Connection reset by peer
curl: (56) Recv failure: Connection reset by peer
curl: (56) Recv failure: Connection reset by peer
curl: (56) Recv failure: Connection reset by peer
curl: (56) Recv failure: Connection reset by peer
curl: (56) Recv failure: Connection reset by peer
curl: (56) Recv failure: Connection reset by peer
curl: (56) Recv failure: Connection reset by peer
curl: (56) Recv failure: Connection reset by peer
curl: (56) Recv failure: Connection reset by peer
curl: (56) Recv failure: Connection reset by peer
curl: (56) Recv failure: Connection reset by peer
curl: (56) Recv failure: Connection reset by peer
curl: (56) Recv failure: Connection reset by peer
curl: (56) Recv failure: Connection reset by peer
curl: (56) Recv failure: Connection reset by peer
curl: (56) Recv failure: Connection reset by peer
curl: (56) Recv failure: Connection reset by peer
curl: (56) Recv failure: Connection reset by peer
curl: (56) Recv failure: Connection reset by peer
curl: (56) Recv failure: Connection reset by peer
curl: (56) Recv failure: Connection reset by peer
curl: (56) Recv failure: Connection reset by peer
curl: (56) Recv failure: Connection reset by peer
curl: (56) Recv failure: Connection reset by peer
curl: (56) Recv failure: Connection reset by peer
curl: (56) Recv failure: Connection reset by peer
curl: (56) Recv failure: Connection reset by peer
curl: (56) Recv failure: Connection reset by peer
curl: (56) Recv failure: Connection reset by peer
curl: (56) Recv failure: Connection reset by peer
curl: (56) Recv failure: Connection reset by peer
curl: (56) Recv failure: Connection reset by peer
curl: (56) Recv failure: Connection reset by peer
curl: (56) Recv failure: Connection reset by peer
curl: (56) Recv failure: Connection reset by peer
curl: (56) Recv failure: Connection reset by peer
curl: (56) Recv failure: Connection reset by peer
curl: (56) Recv failure: Connection reset by peer
{"status":"READY"}GET /health: HTTP 200
GET /ready: HTTP 200
GET /docs: HTTP 200
GET /openapi.json: HTTP 200
GET /metrics: HTTP 200
POST /api/tasks: HTTP 201
GET /api/tasks/1: HTTP 200
PUT /api/tasks/1: HTTP 200
GET /api/tasks: HTTP 200
GET /api/tasks/stats: HTTP 200
POST /api/tasks: HTTP 201
DELETE /api/tasks/2: HTTP 204
CRUD and PostgreSQL readiness checks PASS. Kept one proof task for UI/database evidence.
GET http://localhost:3000: HTTP 200
NAME                    IMAGE                 COMMAND                  SERVICE    CREATED              STATUS                        PORTS
aditya-s21-backend-1    aditya-s21-backend    "sh -c 'alembic upgr…"   backend    About a minute ago   Up 3 seconds                  127.0.0.1:8000->8000/tcp
aditya-s21-frontend-1   aditya-s21-frontend   "/docker-entrypoint.…"   frontend   About a minute ago   Up About a minute             127.0.0.1:3000->80/tcp
aditya-s21-postgres-1   postgres:16-alpine    "docker-entrypoint.s…"   postgres   About a minute ago   Up About a minute (healthy)   127.0.0.1:5432->5432/tcp
IMAGE                        ID             DISK USAGE   CONTENT SIZE   EXTRA
aditya-s21-backend:latest    701ad1710756        298MB         70.9MB   U    
aditya-s21-frontend:latest   efe341f45066       73.9MB         21.1MB   U    
                                         version                                          | current_database 
------------------------------------------------------------------------------------------+------------------
 PostgreSQL 16.15 on x86_64-pc-linux-musl, compiled by gcc (Alpine 15.2.0) 15.2.0, 64-bit | taskboard
(1 row)

 id |          title           |   status    |   assignee    
----+--------------------------+-------------+---------------
  1 | compose PostgreSQL proof | IN_PROGRESS | Aditya Prasad
(1 row)

frontend: browser screenshot captured from http://localhost:3000
docs: browser screenshot captured from http://localhost:8000/docs
health: browser screenshot captured from http://localhost:8000/health
metrics: browser screenshot captured from http://localhost:8000/metrics
COMPOSE VERIFICATION COMPLETE
